../Core/Src/main.c:80:5:main	8	static
../Core/Src/main.c:129:6:SystemClock_Config	88	static
../Core/Src/main.c:176:13:MX_ADC1_Init	24	static
../Core/Src/main.c:268:13:MX_CAN_Init	8	static
../Core/Src/main.c:305:13:MX_I2C1_Init	8	static
../Core/Src/main.c:339:13:MX_TIM3_Init	32	static
../Core/Src/main.c:384:13:MX_USART1_UART_Init	8	static
../Core/Src/main.c:415:13:MX_DMA_Init	16	static
../Core/Src/main.c:428:13:MX_GPIO_Init	40	static
../Core/Src/main.c:489:6:Error_Handler	8	static,ignoring_inline_asm
