../Core/Src/main.c:89:5:main	8	static
../Core/Src/main.c:139:6:SystemClock_Config	88	static
../Core/Src/main.c:186:13:MX_ADC1_Init	24	static
../Core/Src/main.c:279:13:MX_CAN_Init	8	static
../Core/Src/main.c:316:13:MX_I2C1_Init	8	static
../Core/Src/main.c:350:13:MX_SPI2_Init	8	static
../Core/Src/main.c:388:13:MX_TIM3_Init	32	static
../Core/Src/main.c:433:13:MX_USART1_UART_Init	8	static
../Core/Src/main.c:464:13:MX_DMA_Init	16	static
../Core/Src/main.c:477:13:MX_GPIO_Init	40	static
../Core/Src/main.c:548:6:Error_Handler	8	static,ignoring_inline_asm
