../Core/Src/main.c:83:5:main	8	static
../Core/Src/main.c:133:6:SystemClock_Config	88	static
../Core/Src/main.c:180:13:MX_ADC1_Init	24	static
../Core/Src/main.c:273:13:MX_CAN_Init	8	static
../Core/Src/main.c:310:13:MX_I2C1_Init	8	static
../Core/Src/main.c:344:13:MX_SPI2_Init	8	static
../Core/Src/main.c:382:13:MX_TIM3_Init	32	static
../Core/Src/main.c:427:13:MX_USART1_UART_Init	8	static
../Core/Src/main.c:458:13:MX_DMA_Init	16	static
../Core/Src/main.c:471:13:MX_GPIO_Init	40	static
../Core/Src/main.c:542:6:Error_Handler	8	static,ignoring_inline_asm
