../Core/Src/main.c:129:5:main	24	static,ignoring_inline_asm
../Core/Src/main.c:226:6:SystemClock_Config	120	static
../Core/Src/main.c:291:6:PeriphCommonClock_Config	192	static
../Core/Src/main.c:318:13:MX_ADC1_Init	56	static
../Core/Src/main.c:386:13:MX_ADC3_Init	48	static
../Core/Src/main.c:448:13:MX_ETH_Init	8	static
../Core/Src/main.c:497:13:MX_FDCAN3_Init	8	static
../Core/Src/main.c:550:13:MX_I2C1_Init	8	static
../Core/Src/main.c:598:13:MX_I2C2_Init	8	static
../Core/Src/main.c:646:13:MX_I2C5_Init	8	static
../Core/Src/main.c:694:13:MX_IWDG1_Init	4	static
../Core/Src/main.c:723:13:MX_SPI4_Init	8	static
../Core/Src/main.c:771:13:MX_TIM2_Init	40	static
../Core/Src/main.c:816:13:MX_USART3_UART_Init	8	static
../Core/Src/main.c:864:13:MX_USB_OTG_HS_USB_Init	4	static
../Core/Src/main.c:885:13:MX_GPIO_Init	64	static
../Core/Src/main.c:1018:13:start_feed_dog_task	16	static
../Core/Src/main.c:1036:6:HAL_TIM_PeriodElapsedCallback	16	static
../Core/Src/main.c:1053:6:Error_Handler	8	static,ignoring_inline_asm
