../Core/Src/user_main.c:160:6:user_main	88	static
../Core/Src/user_main.c:332:6:HAL_GPIO_EXTI_Callback	16	static
../Core/Src/user_main.c:369:6:HAL_TIM_PeriodElapsedCallback	24	static
../Core/Src/user_main.c:386:6:HAL_CAN_RxFifo0MsgPendingCallback	16	static
../Core/Src/user_main.c:406:6:CAN_error_handler	8	static
../Core/Src/user_main.c:411:13:User_I2C2_GeneralPurposeOutput_Init	32	static
../Core/Src/user_main.c:424:13:User_I2C2_AlternateFunction_Init	32	static
../Core/Src/user_main.c:437:19:I2C_start_error_handler	8	static
